// Jest Snapshot v1, https://goo.gl/fbAQLP

exports[`renders correctly 1`] = `
<View
  style={
    Object {
      "alignItems": "center",
      "backgroundColor": "#F4D35E",
      "height": 0,
      "justifyContent": "center",
    }
  }
>
  <Text
    style={
      Array [
        undefined,
        Object {
          "fontFamily": "Avenir Next",
          "fontSize": 18,
        },
      ]
    }
  >
    
  </Text>
</View>
`;
